../my_drivers/Src/bno085.c:100:24:BNO085_HardwareReset	16	static
../my_drivers/Src/bno085.c:130:24:BNO085_StartHeaderRead	8	static
../my_drivers/Src/bno085.c:165:24:BNO085_ParseHeader	24	static
../my_drivers/Src/bno085.c:204:24:BNO085_StartPacketRead	8	static
../my_drivers/Src/bno085.c:234:24:BNO085_ReadPacketBlocking	24	static
../my_drivers/Src/bno085.c:303:24:BNO085_ConsumeStartupPackets	16	static
../my_drivers/Src/bno085.c:332:24:BNO085_SendPacket	24	static
../my_drivers/Src/bno085.c:377:24:BNO085_StartTxDMA	16	static
../my_drivers/Src/bno085.c:409:24:BNO085_ParseRotationVector	24	static
../my_drivers/Src/bno085.c:444:17:BN085_Init	16	static
../my_drivers/Src/bno085.c:483:6:BNO085_Process	16	static
../my_drivers/Src/bno085.c:610:17:BNO085_RequestProductID	16	static
../my_drivers/Src/bno085.c:620:17:BNO085_EnableRotationVector	40	static
../my_drivers/Src/bno085.c:636:17:BNO085_GetQuaternion	24	static
../my_drivers/Src/bno085.c:655:6:BNO085_QuaternionToEuler	40	static
../my_drivers/Src/bno085.c:696:17:BNO085_StartCalibration	24	static
../my_drivers/Src/bno085.c:723:6:HAL_SPI_TxRxCpltCallback	16	static
../my_drivers/Src/bno085.c:743:6:HAL_SPI_TxCpltCallback	16	static
../my_drivers/Src/bno085.c:760:6:HAL_GPIO_EXTI_Callback	16	static
